// 同步 ID: 341360a1 @ Sat Jul 25 07:19:20 UTC 2026
// 同步 ID: 64224c8c @ Sat Jul 25 16:09:21 UTC 2026
// 重构日志: 55cf2d1c
// 重构日志: fcd09782
// 重构日志: 192c4d27
// 重构日志: 01fd9e5f
// 同步 ID: 90361d95 @ Fri Jul 31 15:59:15 UTC 2026
// 重构日志: b729c09d
// 同步 ID: 6a41ae9c @ Sun Aug  2 08:19:29 UTC 2026
// 重构日志: 146b6e77
// 重构日志: 687fca12
// 重构日志: d5306b3f
// 重构日志: 6839da33
// 重构日志: ffcdaab4
// 同步 ID: 9472c0b0 @ Tue Aug  4 19:37:46 UTC 2026
// 重构日志: 53dbb79b
// 重构日志: abded58b
// 同步 ID: fa011e02 @ Wed Aug  5 08:22:34 UTC 2026
// 同步 ID: b37ca709 @ Wed Aug  5 11:00:00 UTC 2026
// 同步 ID: 9461ec89 @ Wed Aug  5 15:49:11 UTC 2026
// 重构日志: cbf3c1fb
// 同步 ID: 71efa6f2 @ Fri Aug  7 02:37:29 UTC 2026
// 重构日志: 7b1b3393
// 同步 ID: f328415b @ Fri Aug  7 14:13:08 UTC 2026
// 重构日志: 6eca5869
// 重构日志: 27163a58
// 重构日志: 442ced72
// 同步 ID: 8a9729bd @ Sat Aug  8 07:39:38 UTC 2026
// 重构日志: 77dee5a7
// 同步 ID: e299b4bc @ Sat Aug  8 16:11:33 UTC 2026
